solutions of R = R' = 0 for (xi, eta):
   xi  = (a**2 + r**2)/a 
   eta = -r**4/a**2
   xi  = -(M*a**2 - 3*M*r**2 + a**2*r + r**3)/(a*(-M + r)) 
   eta = -r**3*(9*M**2*r - 4*M*a**2 - 6*M*r**2 + r**3)/(a**2*(-M + r)**2)
physical branch matches code closed forms: True
numerator of eta: -r**3*(9*M**2*r - 4*M*a**2 - 6*M*r**2 + r**3)

spin dir   r_ph(indep)   b_c(xi(r_ph))  b_c(min b(r))  ISCO(BPT code)  ISCO(min E)
  +0.000 pro   3.0000000000 5.1961524227 5.1961524227 6.0000000000 6.0000000774
  +0.000 retro 3.0000000000 5.1961524227 5.1961524227 6.0000000000 6.0000000774
  +0.100 pro   2.8821937284 4.9931074558 4.9931074558 5.6693025712 5.6693027366
  +0.100 retro 3.1133485897 5.3934050768 5.3934050768 6.3228947238 6.3228948647
  +0.300 pro   2.6300259776 4.5652064497 4.5652064497 4.9786168306 4.9786167553
  +0.300 retro 3.3288545395 5.7735446336 5.7735446336 6.9492725270 6.9492727097
  +0.500 pro   2.3472963553 4.0962666587 4.0962666587 4.2330025295 4.2330025905
  +0.500 retro 3.5320888862 6.1381557247 6.1381557247 7.5545847145 7.5545848552
  +0.600 pro   2.1889140198 3.8384936834 3.8384936834 3.8290694188 3.8290694200
  +0.600 retro 3.6298496971 6.3156493309 6.3156493309 7.8506861853 7.8506865317
  +0.900 pro   1.5578546274 2.8444214035 2.8444214035 2.3208830418 2.3208830421
  +0.900 retro 3.9102679391 6.8323192304 6.8323192304 8.7173522796 8.7173519420
  +0.990 pro   1.1676418519 2.2517243354 2.2517243354 1.4544979381 1.4544979382
  +0.990 retro 3.9911028611 6.9833234311 6.9833234311 8.9718613425 8.9718615946
  +0.999 pro   1.0520809159 2.0781298711 2.0781298711 1.1817646130 1.1817646143
  +0.999 retro 3.9991110288 6.9983332345 6.9983332345 8.9971873637 8.9971873609
  -0.900 pro   1.5578546274 2.8444214035 2.8444214035 2.3208830418 2.3208830421
  -0.900 retro 3.9102679391 6.8323192304 6.8323192304 8.7173522796 8.7173519420
max |r_ph code - indep| & |BPT - indep|: 4.7e-15; max |b_c code - xi(r_ph)|: 1.1e-13; max |ISCO BPT - min E|: 3.5e-07; max distance code shadow curve -> independent curve: 6.6e-07 M
